pm
nm
switchView
switchView
switchView
openAddAcct
openAddInv
st2
st2
st2
openPicker
openPicker
openPicker
openPicker
saveTx
closeTxModal
closePicker
openImportNotify
openRecon
openBudgetSettings
backupData
openCalc
openBgModal
openExportCSV
importCSV
importFromClipboard
restoreData
openSnapshots
openSearch
closeMore
restoreLatestSnapshot
getElementById
exportCSVRange
closeExportCSV
doImportScan
doImportConfirm
analyzeAll
selfTestParse
showImpDiag
clearHandled
closeImportNotify
getElementById
autoConfirmSave
autoConfirmSkip
applyBg
restoreBg
closeBgModal
saveBudgetSettings
closeBudgetSettings
saveNewAcct
closeAddAcct
saveNewInv
closeAddInv
saveInvEdit
closeInvEdit
calcDivYield
closeDividend
calcInput
-()
calcInput
calcInput
calcInput
calcInput
calcInput
calcInput
calcInput
calcInput
calcInput
calcInput
calcInput
calcInput
calcInput
calcInput
calcInput
calcInput
calcEval
openDividend
calcTransfer
closeCalc
closeSearch
openSearch
toggleFS
openMore
-()
-()
-()
-()
restoreSnapshot
quickAddRecurring
addCustomBudget
calcInsertAmount
reconnectNotif
if
delImpItem
delImpItem
clearAutoLog
purgeAllDismissed
undelImpItem
purgeDismissed
if
